// Jest Snapshot v1, https://goo.gl/fbAQLP

exports[`CountryList component should render the CountryList component correctly 1`] = `
<DocumentFragment>
  <div
    class="banner"
  >
    <input
      class="input"
      placeholder="search country ..."
      type="text"
      value=""
    />
  </div>
  <div
    class="container"
  >
    <div
      class="countryContainer"
    >
      <div
        class="thumbnailContainer"
      >
        <img
          alt="Australia"
          class="thumbnail"
          src="https://restcountries.com/data/aus.svg"
        />
      </div>
      <div
        class="details"
      >
        <h2>
          Australia
        </h2>
        <p>
          Oceania
        </p>
        <p>
          25600000
        </p>
      </div>
      <a
        href="/country/Australia"
      >
        <svg
          class="arrow"
          fill="currentColor"
          height="1em"
          stroke="currentColor"
          stroke-width="0"
          viewBox="0 0 24 24"
          width="1em"
          xmlns="http://www.w3.org/2000/svg"
        >
          <path
            d="m11.293 17.293 1.414 1.414L19.414 12l-6.707-6.707-1.414 1.414L15.586 11H6v2h9.586z"
          />
        </svg>
      </a>
    </div>
    <div
      class="countryContainer"
    >
      <div
        class="thumbnailContainer"
      >
        <img
          alt="Brazil"
          class="thumbnail"
          src="https://restcountries.com/data/bra.svg"
        />
      </div>
      <div
        class="details"
      >
        <h2>
          Brazil
        </h2>
        <p>
          Americas
        </p>
        <p>
          213000000
        </p>
      </div>
      <a
        href="/country/Brazil"
      >
        <svg
          class="arrow"
          fill="currentColor"
          height="1em"
          stroke="currentColor"
          stroke-width="0"
          viewBox="0 0 24 24"
          width="1em"
          xmlns="http://www.w3.org/2000/svg"
        >
          <path
            d="m11.293 17.293 1.414 1.414L19.414 12l-6.707-6.707-1.414 1.414L15.586 11H6v2h9.586z"
          />
        </svg>
      </a>
    </div>
    <div
      class="countryContainer"
    >
      <div
        class="thumbnailContainer"
      >
        <img
          alt="Canada"
          class="thumbnail"
          src="https://restcountries.com/data/can.svg"
        />
      </div>
      <div
        class="details"
      >
        <h2>
          Canada
        </h2>
        <p>
          Americas
        </p>
        <p>
          37742154
        </p>
      </div>
      <a
        href="/country/Canada"
      >
        <svg
          class="arrow"
          fill="currentColor"
          height="1em"
          stroke="currentColor"
          stroke-width="0"
          viewBox="0 0 24 24"
          width="1em"
          xmlns="http://www.w3.org/2000/svg"
        >
          <path
            d="m11.293 17.293 1.414 1.414L19.414 12l-6.707-6.707-1.414 1.414L15.586 11H6v2h9.586z"
          />
        </svg>
      </a>
    </div>
  </div>
</DocumentFragment>
`;
