// Jest Snapshot v1, https://goo.gl/fbAQLP

exports[`Country Details renders correctly 1`] = `
<div>
  <div>
    <img
      alt="country-flag"
      src="img"
    />
    <h2>
      States by country:
      <span>
        Pakistan
      </span>
    </h2>
  </div>
  <div>
    <li>
      Sub region: Asia
    </li>
    <li>
      Capital: Islamabad
    </li>
    <li>
      Population:220892331
    </li>
    <li>
      Time zone: UTC+05:00
    </li>
    <li>
      Calling Codes: 92
    </li>
  </div>
</div>
`;
